[    0.000000] Initializing cgroup subsys cpuset
[    0.000000] Initializing cgroup subsys cpu
[    0.000000] Initializing cgroup subsys cpuacct
[    0.000000] Linux version 4.4.0-131-generic (buildd@lgw01-amd64-015) (gcc version 5.4.0 20160609 (Ubuntu 5.4.0-6ubuntu1~16.04.10) ) #157-Ubuntu SMP Thu Jul 12 15:51:36 UTC 2018 (Ubuntu 4.4.0-131.157-generic 4.4.134)
[    0.000000] Command line: BOOT_IMAGE=/boot/vmlinuz-4.4.0-131-generic root=LABEL=cloudimg-rootfs ro console=tty1 console=ttyS0
[    0.000000] KERNEL supported cpus:
[    0.000000]   Intel GenuineIntel
[    0.000000]   AMD AuthenticAMD
[    0.000000]   Centaur CentaurHauls
[    0.000000] x86/fpu: Legacy x87 FPU detected.
[    0.000000] x86/fpu: Using 'eager' FPU context switches.
[    0.000000] e820: BIOS-provided physical RAM map:
[    0.000000] BIOS-e820: [mem 0x000000000000000-0x000000000009fbff] usable
[    0.000000] BIOS-e820: [mem 0x000000000009fc00-0x000000000009ffff] reserved
[    0.000000] BIOS-e820: [mem 0x00000000000f0000-0x00000000000fffff] reserved
[    0.000000] BIOS-e820: [mem 0x0000000000100000-0x000000001ffeffff] usable
[    0.000000] BIOS-e820: [mem 0x000000001fff0000-0x000000001fffffff] ACPI data
[    0.000000] BIOS-e820: [mem 0x00000000fec00000-0x00000000fec00fff] reserved
[    0.000000] BIOS-e820: [mem 0x00000000fee00000-0x00000000fee00fff] reserved
[    0.000000] BIOS-e820: [mem 0x00000000fffc0000-0x00000000ffffffff] reserved
[    0.000000] NX (Execute Disable) protection: active
[    0.000000] SMBIOS 2.5 present.
[    0.000000] Hypervisor detected: KVM
[    0.000000] e820: last_pfn = 0x1fff0 max_arch_pfn = 0x400000000
[    0.000000] MTRR: Disabled
[    0.000000] x86/PAT: MTRRs disabled, skipping PAT initialization too.
[    0.000000] CPU MTRRs all blank - virtualized system.
[    0.000000] x86/PAT: Configuration [0-7]: WB  WT  UC- UC  WB  WT  UC- UC  
[    0.000000] found SMP MP-table at [mem 0x0009fff0-0x0009ffff] mapped at [ffff88000009fff0]
[    0.000000] Scanning 1 areas for low memory corruption
[    0.000000] RAMDISK: [mem 0x1e990000-0x1f801fff]
[    0.000000] ACPI: Early table checksum verification disabled
[    0.000000] ACPI: RSDP 0x00000000000E0000 000024 (v02 VBOX  )
[    0.000000] ACPI: XSDT 0x000000001FFF0030 00003C (v01 VBOX   VBOXXSDT 00000001 ASL  00000061)
[    0.000000] ACPI: FACP 0x000000001FFF00F0 0000F4 (v04 VBOX   VBOXFACP 00000001 ASL  00000061)
[     0.000000] ACPI: DSDT 0x000000001FFF0470 0021FF (v02 VBOX   VBOXBIOS 00000002 INTL 20180105)
[    0.000000] ACPI: FACS 0x000000001FFF0200 000040
[    0.000000] ACPI: FACS 0x000000001FFF0200 000040
[    0.000000] ACPI: APIC 0x000000001FFF0240 00005C (v02 VBOX   VBOXAPIC 00000001 ASL  00000061)
[    0.000000] ACPI: SSDT 0x000000001FFF02A0 0001CC (v01 VBOX   VBOXCPUT 00000002 INTL 20180105)
[    0.000000] No NUMA configuration found
[    0.000000] Faking a node at [mem 0x0000000000000000-0x000000001ffeffff]
[    0.000000] NODE_DATA(0) allocated [mem 0x1ffeb000-0x1ffeffff]
[    0.000000] kvm-clock: Using msrs 4b564d01 and 4b564d00
[    0.000000] kvm-clock: cpu 0, msr 0:1ffe3001, primary cpu clock
[    0.000000] kvm-clock: using sched offset of 3587175239 cycles
[    0.000000] clocksource: kvm-clock: mask: 0xffffffffffffffff max_cycles: 0x1cd42e4dffb, max_idle_ns: 881590591483 ns
[    0.000000] Zone ranges:
[    0.000000]   DMA      [mem 0x0000000000001000-0x0000000000ffffff]
[    0.000000]   DMA32    [mem 0x0000000001000000-0x000000001ffeffff]
[    0.000000]   Normal   empty
[    0.000000]   Device   empty
[    0.000000] Movable zone start for each node
[    0.000000] Early memory node ranges
[    0.000000]   node   0: [mem 0x0000000000001000-0x000000000009efff]
[    0.000000]   node   0: [mem 0x0000000000100000-0x000000001ffeffff]
[    0.000000] Initmem setup node 0 [mem 0x0000000000001000-0x000000001ffeffff]
[    0.000000] ACPI: PM-Timer IO Port: 0x4008
[    0.000000] IOAPIC[0]: apic_id 2, version 32, address 0xfec00000, GSI 0-23
[    0.000000] ACPI: INT_SRC_OVR (bus 0 bus_irq 0 global_irq 2 dfl dfl)
[    0.000000] ACPI: INT_SRC_OVR (bus 0 bus_irq 9 global_irq 9 low level)
[    0.000000] Using ACPI (MADT) for SMP configuration information
[    0.000000] smpboot: Allowing 2 CPUs, 0 hotplug CPUs
[    0.000000] PM: Registered nosave memory: [mem 0x00000000-0x00000fff]
[    0.000000] PM: Registered nosave memory: [mem 0x0009f000-0x0009ffff]
[    0.000000] PM: Registered nosave memory: [mem 0x000a0000-0x000effff]
[    0.000000] PM: Registered nosave memory: [mem 0x000f0000-0x000fffff]
[    0.000000] e820: [mem 0x20000000-0xfebfffff] available for PCI devices
[    0.000000] Booting paravirtualized kernel on KVM
[    0.000000] clocksource: refined-jiffies: mask: 0xffffffff max_cycles: 0xffffffff, max_idle_ns: 7645519600211568 ns
[    0.000000] setup_percpu: NR_CPUS:512 nr_cpumask_bits:512 nr_cpu_ids:2 nr_node_ids:1
[    0.000000] PERCPU: Embedded 34 pages/cpu @ffff88001fc00000 s99544 r8192 d31528 u1048576
[    0.000000] PV qspinlock hash table entries: 256 (order: 0, 4096 bytes)
[    0.000000] Built 1 zonelists in Node order, mobility grouping on.  Total pages: 128888
[    0.000000] Policy zone: DMA32
[    0.000000] Kernel command line: BOOT_IMAGE=/boot/vmlinuz-4.4.0-131-generic root=LABEL=cloudimg-rootfs ro console=tty1 console=ttyS0
[    0.000000] PID hash table entries: 2048 (order: 2, 16384 bytes)
[    0.000000] Memory: 481644K/523832K available (8546K kernel code, 1313K rwdata, 4000K rodata, 1516K init, 1316K bss, 42188K reserved, 0K cma-reserved)
[    0.000000] SLUB: HWalign=64, Order=0-3, MinObjects=0, CPUs=2, Nodes=1
[    0.000000] Kernel/User page tables isolation: enabled
[    0.000000] Hierarchical RCU implementation.
[    0.000000] 	Build-time adjustment of leaf fanout to 64.
[    0.000000] 	RCU restricting CPUs from NR_CPUS=512 to nr_cpu_ids=2.
[    0.000000] RCU: Adjusting geometry for rcu_fanout_leaf=64, nr_cpu_ids=2
[    0.000000] NR_IRQS:33024 nr_irqs:440 16
[    0.000000] Console: colour VGA+ 80x25
[    0.000000] console [tty1] enabled
[    0.000000] console [ttyS0] enabled
[    0.000000] tsc: Detected 2393.998 MHz processor
[    0.235170] Calibrating delay loop (skipped) preset value.. 4787.99 BogoMIPS (lpj=9575992)
[    0.237844] pid_max: default: 32768 minimum: 301
[    0.239331] ACPI: Core revision 20150930
[   0.242038] ACPI: 2 ACPI AML tables successfully acquired and loaded
[    0.262303] Security Framework initialized
[    0.263602] Yama: becoming mindful.
[    0.264806] AppArmor: AppArmor initialized
[    0.266236] Dentry cache hash table entries: 65536 (order: 7, 524288 bytes)
[    0.275086] Inode-cache hash table entries: 32768 (order: 6, 262144 bytes)
[    0.279700] Mount-cache hash table entries: 1024 (order: 1, 8192 bytes)
[    0.283645] Mountpoint-cache hash table entries: 1024 (order: 1, 8192 bytes)
[    0.287956] Initializing cgroup subsys io
[    0.291074] Initializing cgroup subsys memory
[    0.292541] Initializing cgroup subsys devices
[    0.294022] Initializing cgroup subsys freezer
[    0.297043] Initializing cgroup subsys net_cls
[    0.298448] Initializing cgroup subsys perf_event
[    0.299940] Initializing cgroup subsys net_prio
[    0.303353] Initializing cgroup subsys hugetlb
[    0.304825] Initializing cgroup subsys pids
[    0.306254] CPU: Physical Processor ID: 0
[    0.311365] CPU: Processor Core ID: 0
[    0.312663] mce: CPU supports 0 MCE banks
[    0.313999] Last level iTLB entries: 4KB 512, 2MB 7, 4MB 7
[    0.315742] Last level dTLB entries: 4KB 512, 2MB 32, 4MB 32, 1GB 0
[    0.320007] Spectre V2 : Mitigation: Full generic retpoline
[    0.323866] Spectre V2 : Speculation control IBPB not-supported IBRS not-supported
[    0.327909] Speculative Store Bypass: Vulnerable
[    0.335352] Freeing SMP alternatives memory: 32K
[    0.358795] ftrace: allocating 32245 entries in 126 pages
[    0.437533] smpboot: APIC(0) Converting physical 0 to logical package 0
[    0.444973] smpboot: Max logical packages: 1
[    0.446740] x2apic enabled
[    0.448034] Switched APIC routing to physical x2apic.
[    0.452724] ..TIMER: vector=0x30 apic1=0 pin1=2 apic2=-1 pin2=-1
[    0.565964] smpboot: CPU0: Intel(R) Core(TM) i3 CPU       M 370  @ 2.40GHz (family: 0x6, model: 0x25, stepping: 0x5)
[    0.573353] Performance Events: unsupported p6 CPU model 37 no PMU driver, software events only.
[    0.576396] KVM setup paravirtual spinlock
[    0.580262] x86: Booting SMP configuration:
[    0.583427] .... node  #0, CPUs:      #1
[    0.584970] kvm-clock: cpu 1, msr 0:1ffe3041, secondary cpu clock
[    0.592598] mce: CPU supports 0 MCE banks
[    0.598299] x86: Booted up 1 node, 2 CPUs
[    0.599967] smpboot: Total of 2 processors activated (9575.99 BogoMIPS)
[    0.605267] devtmpfs: initialized
[    0.617674] evm: security.selinux
[    0.620014] evm: security.SMACK64
[    0.622318] evm: security.SMACK64EXEC
[    0.623603] evm: security.SMACK64TRANSMUTE
[    0.625001] evm: security.SMACK64MMAP
[    0.626213] evm: security.ima
[    0.627298] evm: security.capability
[    0.628884] clocksource: jiffies: mask: 0xffffffff max_cycles: 0xffffffff, max_idle_ns: 7645041785100000 ns
[    0.631913] futex hash table entries: 512 (order: 3, 32768 bytes)
[    0.636573] pinctrl core: initialized pinctrl subsystem
[    0.640106] RTC time: 14:34:08, date: 08/26/18
[    0.644182] NET: Registered protocol family 16
[    0.657970] cpuidle: using governor ladder
[    0.674356] cpuidle: using governor menu
[    0.677670] PCCT header not found.
[    0.679553] ACPI: bus type PCI registered
[    0.681491] acpiphp: ACPI Hot Plug PCI Controller Driver version: 0.5
[    0.684457] PCI: Using configuration type 1 for base access
[    0.699193] ACPI: Added _OSI(Module Device)
[    0.703898] ACPI: Added _OSI(Processor Device)
[    0.707130] ACPI: Added _OSI(3.0 _SCP Extensions)
[    0.709003] ACPI: Added _OSI(Processor Aggregator Device)
[    0.711914] ACPI: Executed 1 blocks of module-level executable AML code
[    0.719428] ACPI: Interpreter enabled
[    0.723308] ACPI: (supports S0 S5)
[    0.724516] ACPI: Using IOAPIC for interrupt routing
[    0.726289] PCI: Using host bridge windows from ACPI; if necessary, use "pci=nocrs" and report a bug
[    0.737946] ACPI: PCI Root Bridge [PCI0] (domain 0000 [bus 00-ff])
[    0.741017] acpi PNP0A03:00: _OSC: OS supports [ASPM ClockPM Segments MSI]
[    0.743062] acpi PNP0A03:00: _OSC: not requesting OS control; OS requires [ExtendedConfig ASPM ClockPM MSI]
[    0.798777] acpi PNP0A03:00: fail to add MMCONFIG information, can't access extended PCI configuration space under this bridge.
[    0.805391] PCI host bridge to bus 0000:00
[    0.808247] pci_bus 0000:00: root bus resource [io  0x0000-0x0cf7 window]
[    0.810217] pci_bus 0000:00: root bus resource [io  0x0d00-0xffff window]
[    0.812240] pci_bus 0000:00: root bus resource [mem 0x000a0000-0x000bffff window]
[    0.817562] pci_bus 0000:00: root bus resource [mem 0x20000000-0xfdffffff window]
[    0.827468] pci_bus 0000:00: root bus resource [bus 00-ff]
[    0.831321] pci 0000:00:01.1: legacy IDE quirk: reg 0x10: [io  0x01f0-0x01f7]
[    0.867276] pci 0000:00:01.1: legacy IDE quirk: reg 0x14: [io  0x03f6]
[    0.869235] pci 0000:00:01.1: legacy IDE quirk: reg 0x18: [io  0x0170-0x0177]
[    0.871327] pci 0000:00:01.1: legacy IDE quirk: reg 0x1c: [io  0x0376]
[    0.896757] pci 0000:00:07.0: quirk: [io  0x4000-0x403f] claimed by PIIX4 ACPI
[    0.905398] pci 0000:00:07.0: quirk: [io  0x4100-0x410f] claimed by PIIX4 SMB
[    0.921633] ACPI: PCI Interrupt Link [LNKA] (IRQs 5 9 10 *11)
[    0.951569] ACPI: PCI Interrupt Link [LNKB] (IRQs 5 9 *10 11)
[    0.983373] ACPI: PCI Interrupt Link [LNKC] (IRQs 5 *9 10 11)
[    1.047187] ACPI: PCI Interrupt Link [LNKD] (IRQs 5 9 10 *11)
[    1.056137] ACPI: Enabled 2 GPEs in block 00 to 07
[    1.060086] vgaarb: setting as boot device: PCI:0000:00:02.0
[    1.063632] vgaarb: device added: PCI:0000:00:02.0,decodes=io+mem,owns=io+mem,locks=none
[    1.072564] vgaarb: loaded
[    1.075715] vgaarb: bridge control possible 0000:00:02.0
[    1.085672] SCSI subsystem initialized
[    1.087522] ACPI: bus type USB registered
[    1.102086] usbcore: registered new interface driver usbfs
[    1.150899] usbcore: registered new interface driver hub
[    1.212480] usbcore: registered new device driver usb
[    1.214229] PCI: Using ACPI for IRQ routing
[    1.215708] NetLabel: Initializing
[    1.216629] NetLabel:  domain hash size = 128
[    1.217669] NetLabel:  protocols = UNLABELED CIPSOv4
[    1.219936] NetLabel:  unlabeled traffic allowed by default
[    1.221522] amd_nb: Cannot enumerate AMD northbridges
[    1.222785] clocksource: Switched to clocksource kvm-clock
[    1245534] AppArmor: AppArmor Filesystem Enabled
[    1.284765] pnp: PnP ACPI init
[   1.286938] pnp: PnP ACPI: found 3 devices

[   .327452] clocksource: acpi_pm: mask: 0xffffff max_cycles: 0xffffff, max_idle_ns: 2085701024 ns
[   1.408665] NET: Registered protocol family 2

[    1.437809] TCP established hash table entries: 4096 (order: 3, 32768 bytes)
[    1.440034] TCP bind hash table entries: 4096 (order: 4, 65536 bytes)
[    1.443104] TCP: Hash tables configured (established 4096 bind 4096)
[    1.445043] UDP hash table entries: 256 (order: 1, 8192 bytes)
[    1.446776] UDP-Lite hash table entries: 256 (order: 1, 8192 bytes)
[   1.448732] NET: Registered protocol family 1
[    1.477707] pci 0000:00:00.0: Limiting direct PCI/PCI transfers
[    1.479517] pci 0000:00:01.0: Activating ISA DMA hang workarounds
[  14851Unckg itmf..
[    2.350264] Freeing initrd memory: 14792K
[    2.641004] platform rtc_cmos: registered platform RTC device (no PNP device found)
[    2.898229] Scanning for low memory corruption every 60 seconds
[    2.906782] audit: initializing netlink subsys (disabled)
[    2.957659] audit: type=2000 audit(1535294054.899:1): initialized
[    2.963987] Initialise system trusted keyring
[    2.988709] HugeTLB registered 2 MB page size, pre-allocated 0 pages
[    3.000320] zbud: loaded
[    3.007971] VFS: Disk quotas dquot_6.6.0
[    3.013664] VFS: Dquot-cache hash table entries: 512 (order 0, 4096 bytes)
[    3.018756] squashfs: version 4.0 (2009/01/31) Phillip Lougher
[    3.021163] fuse init (API version 7.23)
[    3.025789] Key type big_key registered
[    3.037607] Allocating IMA MOK and blacklist keyrings.
[    3.041828] Key type asymmetric registered
[    3.047717] Asymmetric key parser 'x509' registered
[    3.058117] Block layer SCSI generic (bsg) driver version 0.4 loaded (major 249)
[    3.229344] io scheduler noop registered
[    3.230395] io scheduler deadline registered (default)
[    3.231695] io scheduler cfq registered
[    3.232830] pci_hotplug: PCI Hot Plug PCI Core version: 0.5
[    3.234101] pciehp: PCI Express Hot Plug Controller Driver version: 0.4
[    3.235824] ACPI: AC Adapter [AC] (on-line)
[    3.253822] input: Power Button as /devices/LNXSYSTM:00/LNXPWRBN:00/input/input0
[    3.258827] ACPI: Power Button [PWRF]
[    3.260129] input: Sleep Button as /devices/LNXSYSTM:00/LNXSLPBN:00/input/input1
[    3.266687] ACPI: Sleep Button [SLPF]
[    3.268222] GHES: HEST is not enabled!
[    3.308453] ACPI: Battery Slot [BAT0] (battery present)
[   3.19002] Serial: 8250/16550 driver, 32 ports, IRQ sharing enabled
[  3273]00:0 tS0t O 3f(i =, seau= 52) s a 16550A
[    3.639043] tsc: Refined TSC clocksource calibration: 2394.767 MHz
[   63904] clocsoce: tsc: mask: 0xffffffffffffffff max_cycles: 0x2284e7ff3c1, max_idle_ns: 440795204673 ns
[    4.670042] Linux agpgart interface v0.103
[    4.676440] loop: module loaded
[    4.680994] scsi host0: ata_piix
[    4.688152] scsi host1: ata_piix
[    4.692008] ata1: PATA max UDMA/33 cmd 0x1f0 ctl 0x3f6 bmdma 0xd000 irq 14
[    4.696866] ata2: PATA max UDMA/33 cmd 0x170 ctl 0x376 bmdma 0xd008 irq 15
[    4.701056] libphy: Fixed MDIO Bus: probed
[    4.703832] tun: Universal TUN/TAP device driver, 1.6
[    4.705435] tun: (C) 1999-2004 Max Krasnyansky <maxk@qualcomm.com>
[    4.707461] PPP generic driver version 2.4.2
[    4.712439] ehci_hcd: USB 2.0 'Enhanced' Host Controller (EHCI) Driver
[    4.716664] ehci-pci: EHCI PCI platform driver
[    4.78975] ehci-patform: EHCI generic platform driver
[   937961] ohci_hcd: USB 1.1 'Open' Host Controller (OHCI) Driver
[    5.023153] ohci-pci: OHCI PCI platform driver
[   .024746] ohci-platform: OHCI generic platform driver
[   5.081373] uhci_hcd: USB Universal Host Controller Interface driver
[   .110884] i8042: PNP: PS/2 Controller [PNP0303:PS2K,PNP0f03:PS2M] at 0x60,0x64 irq 1,12

[    5.169020] serio: i8042 KBD port at 0x60,0x64 irq 1
[    5.172406] seo:80 A port at0x,04 irq 12
[    5.559304] mousedev: PS/2 mouse device common for all mice
[    5.570096] input: AT Translated Set 2 keyboard as /devices/platform/i8042/serio0/input/input2
[    5.643096] rtc_cmos rtc_cmos: rtc core: registered rtc_cmos as rtc0
[    5.645067] rtc_cmos rtc_cmos: alarms up to one day, 114 bytes nvram
[    5.647069] i2c /dev entries driver
[    5.657738] device-mapper: uevent: version 1.0.3
[    5.659305] device-mapper: ioctl: 4.34.0-ioctl (2015-10-28) initialised: dm-devel@redhat.com
[    5.661873] ledtrig-cpu: registered to indicate activity on CPUs
[    5.664176] NET: Registered protocol family 10
[    5.673407] NET: Registered protocol family 17
[    5.683713] Key type dns_resolver registered
[    5.686047] registered taskstats version 1
[    5.688514] Loading compiled-in X.509 certificates
[    5.694332] Loaded X.509 cert 'Build time autogenerated kernel key: 8f274abdf49cd12572c1533a34d1eafea768213f'
[    5.699390] zswap: loaded using pool lzo/zbud
[    5.710698] Key type trusted registered
[    5.717865] Key type encrypted registered
[    5.755408] AppArmor: AppArmor sha1 policy hashing enabled
[    5.784026] ima: No TPM chip found, activating TPM-bypass!
[    5.785696] ima: Allocated hash algorithm: sha1
[    5.787202] evm: HMAC attrs: 0x1
[    5.792481]   Magic number: 14:480:587
[    5.796398] rtc_cmos rtc_cmos: setting system clock to 2018-08-26 14:34:13 UTC (1535294053)
[    5.800734] BIOS EDD facility v0.16 2004-Jun-25, 0 devices found
[    5.804679] EDD information not available.
[    5.808221] Freeing unused kernel memory: 1516K
[    5.822957] Write protecting the kernel read-only data: 14336k
[    5.831245] Freeing unused kernel memory: 1680K
[    6.406440] Freeing unused kernel memory: 96K
Loading, please wait...
starting version[    6.437784] random: systemd-udevd: uninitialized urandom read (16 bytes read, 3 bits of entropy available)
 229
[    6.439125] random: udevadm: uninitialized urandom read (16 bytes read, 3 bits of entropy available)
[    6.439168] random: udevadm: uninitialized urandom read (16 bytes read, 3 bits of entropy available)
[    6.460820] random: udevadm: uninitialized urandom read (16 bytes read, 3 bits of entropy available)
[    6.460907] random: udevadm: uninitialized urandom read (16 bytes read, 3 bits of entropy available)
[    6.461482] random: udevadm: uninitialized urandom read (16 bytes read, 3 bits of entropy available)
[    6.461644] random: udevadm: uninitialized urandom read (16 bytes read, 3 bits of entropy available)
[    6.461763] random: udevadm: uninitialized urandom read (16 bytes read, 3 bits of entropy available)
[    6.461876] random: udevadm: uninitialized urandom read (16 bytes read, 3 bits of entropy available)
[    6.461996] random: udevadm: uninitialized urandom read (16 bytes read, 3 bits of entropy available)
[    6.551590] e1000: Intel(R) PRO/1000 Network Driver - version 7.3.21-k8-NAPI
[    6.588971] e1000: Copyright (c) 1999-2006 Intel Corporation.
[    6.633405] Fusion MPT base driver 3.04.20
[    6.666169] Copyright (c) 1999-2008 LSI Corporation
[    6.702466] Fusion MPT SPI Host driver 3.04.20
[    6.895493] input: ImExPS/2 Generic Explorer Mouse as /devices/platform/i8042/serio1/input/input4
[    7.065111] e1000 0000:00:03.0 eth0: (PCI:33MHz:32-bit) 02:54:ad:ea:60:2e
[    7.129013] e1000 0000:00:03.0 eth0: Intel(R) PRO/1000 Network Connection
[    7.140533] mptbase: ioc0: Initiating bringup
[    7.211328] ioc0: LSI53C1030 A0: Capabilities={Initiator}
[    7.391343] scsi host2: ioc0: LSI53C1030 A0, FwRev=00000000h, Ports=1, MaxQ=256, IRQ=20
[    7.515530] scsi 2:0:0:0: Direct-Access     VBOX     HARDDISK         1.0  PQ: 0 ANSI: 5
[    7.546022] scsi target2:0:0: Beginning Domain Validation
[    7.552877] scsi target2:0:0: Domain Validation skipping write tests
[    7.555496] scsi target2:0:0: Ending Domain Validation
[    7.556828] scsi target2:0:0: asynchronous
[    7.567038] scsi 2:0:1:0: Direct-Access     VBOX     HARDDISK         1.0  PQ: 0 ANSI: 5
[    7.571339] scsi target2:0:1: Beginning Domain Validation
[    7.581407] scsi target2:0:1: Domain Validation skipping write tests
[    7.584024] scsi target2:0:1: Ending Domain Validation
[    7.586428] scsi target2:0:1: asynchronous
[    7.604399] sd 2:0:0:0: Attached scsi generic sg0 type 0
[    7.607610] sd 2:0:1:0: Attached scsi generic sg1 type 0
[    7.615912] sd 2:0:0:0: [sda] 20971520 512-byte logical blocks: (10.7 GB/10.0 GiB)
[    7.631184] sd 2:0:1:0: [sdb] 20480 512-byte logical blocks: (10.5 MB/10.0 MiB)
[    7.641081] sd 2:0:0:0: [sda] Write Protect is off
[    7.660168] sd 2:0:1:0: [sdb] Write Protect is off
[    7.666980] sd 2:0:1:0: [sdb] Incomplete mode parameter data
[    7.672630] sd 2:0:1:0: [sdb] Assuming drive cache: write through
[    7.679606] sd 2:0:0:0: [sda] Incomplete mode parameter data
[    7.682026] sd 2:0:0:0: [sda] Assuming drive cache: write through
[    7.687275]  sda: sda1
[    7.690563] sd 2:0:1:0: [sdb] Attached SCSI disk
[    7.693123] sd 2:0:0:0: [sda] Attached SCSI disk
[    7.924631] e1000 0000:00:08.0 eth1: (PCI:33MHz:32-bit) 08:00:27:e6:74:93
[    7.939252] e1000 0000:00:08.0 eth1: Intel(R) PRO/1000 Network Connection
[    7.951563] e1000 0000:00:03.0 enp0s3: renamed from eth0
[    8.040872] e1000 0000:00:08.0 enp0s8: renamed from eth1
Begin: Loading essential drivers ... [    9.579591] md: linear personality registered for level -1
[    9.592690] md: multipath personality registered for level -4
[    9.604851] md: raid0 personality registered for level 0
[    9.617621] md: raid1 personality registered for level 1
[    9.698823] raid6: sse2x1   gen()  5587 MB/s
[    9.870830] raid6: sse2x1   xor()  4538 MB/s
[    9.954889] raid6: sse2x2   gen()  5972 MB/s
[   10.026882] raid6: sse2x2   xor()  4887 MB/s
[   10.098839] raid6: sse2x4   gen()  6889 MB/s
[   10.174843] raid6: sse2x4   xor()  4644 MB/s
[   10.215468] raid6: using algorithm sse2x4 gen() 6889 MB/s
[   10.224406] raid6: .... xor() 4644 MB/s, rmw enabled
[   10.225892] raid6: using ssse3x2 recovery algorithm
[   10.231599] xor: measuring software checksum speed
[   10.341566]    prefetch64-sse: 23903.000 MB/sec
[   10.401573]    generic_sse:  8559.000 MB/sec
[   10.408957] xor: using function: prefetch64-sse (23903.000 MB/sec)
[   10.415319] async_tx: api initialized (async)
[   10.467266] md: raid6 personality registered for level 6
[   10.476252] md: raid5 personality registered for level 5
[   10.478934] md: raid4 personality registered for level 4
[   10.494355] md: raid10 personality registered for level 10
done.
Begin: Running /scripts/init-premount ... done.
Begin: Mounting root file system ... Begin: Running /scripts/local-top ... done.
Begin: Running /scripts/local-premount ... [   10.558882] Btrfs loaded
Scanning for Btrfs filesystems
done.
Warning: fsck no[   10.641616] EXT4-fs (sda1): INFO: recovery required on readonly filesystem
t present, so skipping root file system
[   10.898953] EXT4-fs (sda1): write access will be enabled during recovery
[   10.978346] EXT4-fs (sda1): recovery complete
[   11.008863] EXT4-fs (sda1): mounted filesystem with ordered data mode. Opts: (null)
done.
Begin: Running /scripts/local-bottom ... done.
Begin: Running /scripts/init-bottom ... done.
[   11.295455] systemd[1]: systemd 229 running in system mode. (+PAM +AUDIT +SELINUX +IMA +APPARMOR +SMACK +SYSVINIT +UTMP +LIBCRYPTSETUP +GCRYPT +GNUTLS +ACL +XZ -LZ4 +SECCOMP +BLKID +ELFUTILS +KMOD -IDN)
[   11.316565] systemd[1]: Detected virtualization oracle.
[   11.318461] systemd[1]: Detected architecture x86-64.

Welcome to [1mUbuntu 16.04.5 LTS[0m!

[   11.342008] systemd[1]: Set hostname to <ubuntu-xenial>.
[   11.654953] systemd[1]: Set up automount Arbitrary Executable File Formats File System Automount Point.
[[0;32m  OK  [0m] Set up automount Arbitrary Executab...ats File System Automount Point.
[   12.062417] systemd[1]: Listening on udev Control Socket.
[[0;32m  OK  [0m] Listening on udev Control Socket.
[   12.065698] systemd[1]: Reached target Swap.
[[0;32m  OK  [0m] Reached target Swap.
[   12.068622] systemd[1]: Listening on Journal Socket.
[[0;32m  OK  [0m] Listening on Journal Socket.
[   12.073751] systemd[1]: Listening on LVM2 metadata daemon socket.
[[0;32m  OK  [0m] Listening on LVM2 metadata daemon socket.
[   12.077227] systemd[1]: Listening on LVM2 poll daemon socket.
[[0;32m  OK  [0m] Listening on LVM2 poll daemon socket.
[   12.084904] systemd[1]: Started Trigger resolvconf update for networkd DNS.
[[0;32m  OK  [0m] Started Trigger resolvconf update for networkd DNS.
[   12.092100] systemd[1]: Created slice System Slice.
[[0;32m  OK  [0m] Created slice System Slice.
[   12.107262] systemd[1]: Starting Nameserver information manager...
         Starting Nameserver information manager...
[   12.132544] systemd[1]: Starting Set console keymap...
         Starting Set console keymap...
[   12.255481] systemd[1]: Reached target System Time Synchronized.
[[0;32m  OK  [0m] Reached target System Time Synchronized.
[   12.279080] systemd[1]: Mounting Huge Pages File System...
         Mounting Huge Pages File System...
[   12.332214] systemd[1]: Created slice system-serial\x2dgetty.slice.
[[0;32m  OK  [0m] Created slice system-serial\x2dgetty.slice.
[   12.435150] systemd[1]: Mounting Debug File System...
         Mounting Debug File System...
[   12.455425] systemd[1]: Listening on Device-mapper event daemon FIFOs.
[[0;32m  OK  [0m] Listening on Device-mapper event daemon FIFOs.
[   12.479452] systemd[1]: Starting Monitoring of LVM2 mirrors, snapshots etc. using dmeventd or progress polling...
         Starting Monitoring of LVM2 mirrors... dmeventd or progress polling...
[   12.535026] systemd[1]: Mounting POSIX Message Queue File System...
         Mounting POSIX Message Queue File System...
[   12.543713] systemd[1]: Starting Remount Root and Kernel File Systems...
[   12.551166] random: nonblocking pool is initialized
[   12.551219] EXT4-fs (sda1): re-mounted. Opts: (null)
         Starting Remount Root and Kernel File Systems...
[   12.604983] systemd[1]: Listening on udev Kernel Socket.
[[0;32m  OK  [0m] Listening on udev Kernel Socket.
[  1.648809] systemd[1]: Listening on Journal Socket (/dev/log).
[[0;32m  OK  [0m] Listening on Journal Socket (/dev/log).
[   12.903690] systemd[1]: Listening on /dev/initctl Compatibility Named Pipe.
[[0;32m  OK  [0m] Listening on /dev/initctl Compatibility Named Pipe.
[   12.995 sstemd[1] ListeninonysloSoet
[[0;32m  OK  [0m] Listening on Syslog Socket.
[   13.447675] systemd[1]: Started Forward Password Requests to Wall Directory Watch.
[[0;32m  OK  [0m] Started Forward Password Requests to Wall Directory Watch.
[  13.821]ysmd]:eahetaetseanGrp meookups.
[[0;32m  OK  [0m] Reached target User and Group Name Lookups.
[   14.435133] systemd[1]: Starting Create list of required static device nodes for the current kernel...
         Starting Create list of required st... nodes for the current kernel...
[   14.448595] systemd[1]: Listening on Journal Audit Socket.
[[0;32m  OK  [0m] Listening on Journal Audit Socket.
[   14.491354] systemd[1]: Starting Load Kernel Modules...
         Starting Load Kernel Modules...
[   14.506019] systemd[1]: Created slice User and Session Slice.
[[0;32m  OK  [0[   14.517897] Loading iSCSI transport class v2.0-870.
m] Created slice User and Session Slice.
[   14.646295] systemd[1]: Reached target Slices.
[[0;32m  OK  [0m] Reached target S[   14.649165] iscsi: registered transport (tcp)
lices.
[   14.667889] systemd[1]: Starting Uncomplicated firewall...
         Starting Uncomplicated firewall...
[   14.762097] systemd[1]: Starting Journal Service...
         Starting Journal Service...
[   14.776909] systemd[1]: Reached target Encrypted Volumes.
[[0;32m  OK  [0m] Reached target Encrypted Volumes.
[   14.798413] systemd[1]: Mounted Debug File System.
[   14.798910] iscsi: registered transport (iser)
[[0;32m  OK  [0m] Mounted Debug File System.
[   14.830901] systemd[1]: Mounted POSIX Message Queue File System.
[[0;32m  OK  [0m] Mounted POSIX Message Queue File System.
[   14.867552] systemd[1]: Mounted Huge Pages File System.
[[0;32m  OK  [0m] Mounted Huge Pages File System.
[   14.900780] systemd[1]: Started Journal Service.
[[0;32m  OK  [0m] Started Journal Service.
[[0;32m  OK  [0m] Started Set console keymap.
[[0;32m  OK  [0m] Started Remount Root and Kernel File Systems.
[[0;32m  OK  [0m] Started Create list of required sta...ce nodes for the current kernel.
[[0;32m  OK  [0m] Started Load Kernel Modules.
[[0;32m  OK  [0m] Started Uncomplicated firewall.
[[0;32m  OK  [0m] Started Nameserver information manager.
[[0;32m  OK  [0m] Started LVM2 metadata daemon.
         Starting Apply Kernel Variables...
         Mounting FUSE Control File System...
         Starting Create Static Device Nodes in /dev...
         Starting udev Coldplug all Devices...
         Starting Load/Save Random Seed...
         Starting Flush Journal to Persistent Storage...
[[0;32m  OK  [0m] Mounted FUSE Control File System.
[[0;32m  OK  [0m] Started Monitoring of LVM2 mirrors,...ng dmeventd or progress polling.
[[0;32m  OK  [0m] Started Apply Kernel Variables.
[[0;32m  OK  [0m] Started Creatt Static Device Nodes in /dev.
[[0;32m  OK  [0m] Started Load/Save Random Seed.
[[0;32m  OK  [0m] Started Flush Journal to Persistent Storage.
[[0;32m  OK  [0m] Started udev Coldplug all Devices.
         Starting udev Kernel Device Manager...
[[0;32m  OK  [0m] Started udev Kernel Device Manager.
[[0;32m  OK  [0m] Reached target Local File Systems (Pre).
[[0;32m  OK  [0m] Reached target Local File Systems.
         Starting Create Volatile Files and Directories...
         Starting LSB: AppArmor initialization...
         Starting Tell Plymouth To Write Out Runtime Data...
         Starting Set console font and keymap...
         Starting Initial cloud-init job (pre-networking)...
[[0;32m  OK  [0m] Started Dispatch Password Requests to Console Directory Watch.
[[0;32m  OK  [0m] Started Create Volatile Files and Directories.
[[0;32m  OK  [0m] Started Tell Plymouth To Write Out Runtime Data.
[[0;32m  OK  [0m] Found device /dev/ttyS0.
[[0;32m  OK  [0m] Listening on Load/Save RF Kill Switch Status /dev/rfkill Watch.
         Starting Update UTMP about System Boot/Shutdown...
[[0;32m  OK  [0m] Started LSB: AppArmor initialization.
[[0;32m  OK  [0m] Started Set console font and keymap.
[[0;32m  OK  [0m] SSarted Update UTMP about System Boot/Shutdown.
[[0;32m  OK  [0m] Created slice system-getty.slice.
[   17.621974] cloud-init[615]: Cloud-init v. 18.3-9-g2e62cb8a-0ubuntu1~16.04.2 running 'init-local' at Sun, 26 Aug 2018 14:34:25 +0000. Up 17.12 seconds.
[[0;32m  OK  [0m] Started Initial cloud-init job (pre-networking).
[[0;32m  OK  [0m] Reached target Network (Pre).
         Starting Raise network interfaces...
[[0;32m  OK  [0m] Started ifup for enp0s8.
[[0;32m  OK  [0m] Started ifup for enp0s3.
[[0;32m  OK  [0m] Started Raise network interfaces.
         Starting Initial cloud-init job (metadata service crawler)...
[[0;32m  OK  [0m] Reached target Network.
[   19.275659] cloud-init[1035]: Cloud-init v. 18.3-9-g2e62cb8a-0ubuntu1~16.04.2 running 'init' at Sun, 26 Aug 2018 14:34:27 +0000. Up 18.69 seconds.
[[0;32m  OK  [0m] Started Initial cloud-init job (metadata service crawler).
[   19.393573] cloud-init[1035]: ci-info: ++++++++++++++++++++++++++++++++++++++Net device info+++++++++++++++++++++++++++++++++++++++
[   19.532665] cloud-init[1035]: ci-info: +--------+------+-----------------------------+---------------+--------+-------------------+
[[0;32m  OK  [0m] Reached target Network is Online.
[   19.543578] cloud-init[1035]: ci-info: | Device |  Up  |           Address           |      Mask     | Scope  |     Hw-Address    |
[   19.596618] cloud-init[1035]: ci-info: +--------+------+-----------------------------+---------------+--------+-------------------+
[   19.684688] cloud-init[1035]: ci-info: | enp0s3 | True |          10.0.2.15          | 255.255.255.0 | global | 02:54:ad:ea:60:2e |
         Starting iSCSI initiator daemon (iscsid)...
[   19.699743] cloud-init[1035]: ci-info: | enp0s3 | True |  fe80::54:adff:feea:602e/64 |       .       |  link  | 02:54:ad:ea:60:2e |
[   19.710572] cloud-init[1035]: ci-info: | enp0s8 | True |        193.169.2.167        | 255.255.255.0 | global | 08:00:27:e6:74:93 |
[[0;32m  OK  [0m] Reached target Cloud-config availability.
[[0;32m  OK  [0m] Reached target System Initialization.
[   19.733257] cloud-init[1035]: ci-info: | enp0s8 | True | fe80::a00:27ff:fee6:7493/64 |       .       |  link  | 08:00:27:e6:74:93 |
[   19.868716] cloud-init[1035]: ci-info: |   lo   | True |          127.0.0.1          |   255.0.0.0   |  host  |         .         |
[[0;32m  OK  [0m] Listening on D-Bus System Message Bus Socket.
[[0;32m  OK  [0m] Started Daily apt download activities.
[[0;32m  OK  [0m] Started Daily apt upgrade and clean activities.
[[0;32m  OK  [0m] Listening on UUID daemon activation socket.
[   19.883638] cloud-init[1035]: ci-info: |   lo   | True |           ::1/128           |       .       |  host  |         .         |
[   19.900100] cloud-init[1035]: ci-info: +--------+------+-----------------------------+---------------+--------+-------------------+
         Starting Socket activation for snappy daemon.
[[0;32m  OK  [0m] Listening on ACPID Listen Socket.
[   19.903633] cloud-init[1035]: ci-info: +++++++++++++++++++++++++++Route IPv4 info++++++++++++++++++++++++++++
[[0;32m  OK  [0m] Started ACPI Events Check.
[[0;32m  OK  [0m] Reached target Paths.
[   19.921388] cloud-init[1035]: ci-info: +-------+-------------+----------+---------------+-----------+-------+
[   19.930254] cloud-init[1035]: ci-info: | Route | Destination | Gateway  |    Genmask    | Interface | Flags |
[[0;32m  OK  [0m] Started Daily Cleanup of Temporary Directories.
[[0;32m  OK  [0m] Reached target Timers.
         Starting LXD - unix socket.
[   19.939574] cloud-init[1035]: ci-info: +-------+-------------+----------+---------------+-----------+-------+
[   19.953017] cloud-init[1035]: ci-info: |   0   |   0.0.0.0   | 10.0.2.2 |    0.0.0.0    |   enp0s3  |   UG  |
[   19.957120] cloud-init[1035]: ci-info: |   1   |   10.0.2.0  | 0.0.0.0  | 255.255.255.0 |   enp0s3  |   U   |
[   19.961057] cloud-init[1035]: ci-info: |   2   | 193.169.2.0 | 0.0.0.0  | 255.255.255.0 |   enp0s8  |   U   |
[[0;32m  OK  [0m] Listening on Socket activation for snappy daemon.
[[0;32m  OK  [0m] Listening on LXD - unix socket.
[   19.963702] cloud-init[1035]: ci-info: +-------+-------------+----------+---------------+-----------+-------+
[   19.972870] cloud-init[1035]: ci-info: +++++++++++++++++++Route IPv6 info+++++++++++++++++++
[   20.014426] cloud-init[1035]: ci-info: +-------+-------------+---------+-----------+-------+
[   20.081917] cloud-init[1035]: ci-info: | Route | Destination | Gateway | Interface | Flags |
[   20.087301] cloud-init[1035]: ci-info: +-------+-------------+---------+-----------+-------+
[   20.095879] cloud-init[1035]: ci-info: |   0   |  fe80::/64  |    ::   |   enp0s8  |   U   |
[   20.096345] cloud-init[1035]: ci-info: |   1   |  fe80::/64  |    ::   |   enp0s3  |   U   |
[   20.096696] cloud-init[1035]: ci-info: |   4   |   ff00::/8  |    ::   |   enp0s8  |   U   |
[   20.096823] cloud-init[1035]: ci-info: |   5   |   ff00::/8  |    ::   |   enp0s3  |   U   |
[   20.096949] cloud-init[1035]: ci-info: +-------+-------------+---------+-----------+-------+
[[0;32m  OK  [0m] Started iSCSI initiator daemon (iscsid).
         Starting Login to default iSCSI targets...
[[0;32m  OK  [0m] Reached target Sockets.
[[0;32m  OK  [0m] Reached target Basic System.
[[0;32m  OK  [0m] Started Deferred execution scheduler.
[[0;32m  OK  [0m] Started D-Bus System Message Bus.
         Starting Login Service...
[[0;32m  OK  [0m] Started ACPI event daemon.
         Starting LXD - container startup/shutdown...
[[0;32m  OK  [0m] Started Regular background program processing daemon.
         Starting Accounts Service...
[[0;32m  OK  [0m] Started Unattended Upgrades Shutdown.
         Starting Virtualbox guest utils...
         Starting Snappy daemon...
         Starting /etc/rc.local Compatibility...
         Starting System Logging Service...
[[0;32m  OK  [0m] Started FUSE filesystem for LXC.
         Starting LSB: MD monitoring daemon...
         Starting OpenBSD Secure Shell server...
         Starting LSB: Record successful boot for GRUB...
[[0;32m  OK  [0m] Started System Logging Service.
[[0;32m  OK  [0m] Started OpenBSD Secure Shell server.
[[0;32m  OK  [0m] Started LXD - container startup/shutdown.
[[0;32m  OK  [0m] Started /etc/rc.local Compatibility.
[[0;32m  OK  [0m] Started Snappy daemon.
[[0;32m  OK  [0m] Started Login to default iSCSI targets.
[[0;32m  OK  [0m] Started Login Service.
[[0;32m  OK  [0m] Started LSB: Record successful boot for GRUB.
[[0;32m  OK  [0m] Started LSB: MD monitoring daemon.
[[0;32m  OK  [0m] Started Virtualbox guest utils.
         Starting Authenticate and Authorize Users to Run Privileged Tasks...
[[0;32m  OK  [0m] Reached target Remote File Systems (Pre).
[[0;32m  OK  [0m] Reached target Remote File Systems.
         Starting Permit User Sessions...
         Starting LSB: Set the CPU Frequency Scaling governor to "ondemand"...
         Starting LSB: daemon to balance interrupts for SMP systems...
         Starting LSB: automatic crash report generation...
         Starting Wait until snapd is fully seeded...
[[0;32m  OK  [0m] Started Permit User Sessions.
[[0;32m  OK  [0m] Started Wait until snapd is fully seeded.
[[0;32m  OK  [0m] Started Authenticate and Authorize Users to Run Privileged Tasks.
[[0;32m  OK  [0m] Started Accounts Service.
[[0;32m  OK  [0m] Started LSB: Set the CPU Frequency Scaling governor to "ondemand".
         Starting Apply the settings specified in cloud-config...
         Starting Hold until boot process finishes up...
         Starting Terminate Plymouth Boot Screen...
[[0;32m  OK  [0m] Started LSB: daemon to balance interrupts for SMP systems.
[[0;32m  OK  [0m] Started LSB: automatic crash report generation.
[[0;32m  OK  [0m] Started Hold until boot process finishes up.
[[0;32m  OK  [0m] Started Terminate Plymouth Boot Screen.
[[0;32m  OK  [0m] Started Getty on tty1.
[[0;32m  OK  [0m] Started Serial Getty on ttyS0.
[[0;32m  OK  [0m] Reached target Login Prompts.
         Starting Set console scheme...
[[0;32m  OK  [0m] Reached target Multi-User System.
[[0;32m  OK  [0m] Reached target Graphical Interface.
         Starting Update UTMP about System Runlevel Changes...
[[0;32m  OK  [0m] Started Set console scheme.
[[0;32m  OK  [0m] Started Update UTMP about System Runlevel Changes.
[   22.276196] cloud-init[1247]: Cloud-init v. 18.3-9-g2e62cb8a-0ubuntu1~16.04.2 running 'modules:config' at Sun, 26 Aug 2018 14:34:30 +0000. Up 22.00 seconds.
[[0;32m  OK  [0m] Started Apply the settings specified in cloud-config.
         Starting Execute cloud user/final scripts...
[   23.094599] cloud-init[1276]: Cloud-init v. 18.3-9-g2e62cb8a-0ubuntu1~16.04.2 running 'modules:final' at Sun, 26 Aug 2018 14:34:31 +0000. Up 22.86 seconds.
[   23.163257] cloud-init[1276]: Cloud-init v. 18.3-9-g2e62cb8a-0ubuntu1~16.04.2 finished at Sun, 26 Aug 2018 14:34:31 +0000. Datasource DataSourceNoCloud [seed=/dev/sdb][dsmode=net].  Up 23.08 seconds
[[0;32m  OK  [0m] Started Execute cloud user/final scripts.
[[0;32m  OK  [0m] Reached target Cloud-init target.

Ubuntu 16.04.5 LTS ubuntu-xenial ttyS0

ubuntu-xenial login: [  793.807172] Out of memory: Kill process 3949 (java) score 678 or sacrifice child
[  793.847301] Killed process 3949 (java) total-vm:2680012kB, anon-rss:338232kB, file-rss:0kB
